// Jest Snapshot v1, https://goo.gl/fbAQLP

exports[`Home should render 1`] = `
<View
  style={
    Object {
      "flex": 1,
    }
  }
>
  <ChartsSummary />
  <ReactNativeModal
    animationIn="slideInUp"
    animationInTiming={300}
    animationOut="slideOutDown"
    animationOutTiming={300}
    avoidKeyboard={false}
    backdropColor="black"
    backdropOpacity={0.7}
    backdropTransitionInTiming={300}
    backdropTransitionOutTiming={300}
    hideModalContentWhileAnimating={false}
    isVisible={false}
    onBackButtonPress={[Function]}
    onBackdropPress={[Function]}
    onModalHide={[Function]}
    onModalShow={[Function]}
    scrollOffset={0}
    scrollOffsetMax={0}
    scrollTo={null}
    style={
      Object {
        "justifyContent": "flex-end",
        "margin": 0,
      }
    }
    supportedOrientations={
      Array [
        "portrait",
        "landscape",
      ]
    }
    swipeThreshold={100}
    useNativeDriver={false}
  >
    <Create
      closeModal={[Function]}
    />
  </ReactNativeModal>
  <ActionButton
    active={false}
    activeOpacity={0.85}
    autoInactive={true}
    backdrop={false}
    backgroundTappable={false}
    bgColor="transparent"
    bgOpacity={1}
    buttonColor="rgb(154, 192, 205)"
    buttonText="+"
    buttonTextStyle={Object {}}
    degrees={45}
    fixNativeFeedbackRadius={false}
    nativeFeedbackRippleColor="rgba(255,255,255,0.75)"
    offsetX={30}
    offsetY={30}
    onPress={[Function]}
    onPressIn={[Function]}
    onPressOn={[Function]}
    outRangeScale={1}
    position="right"
    resetToken={null}
    size={56}
    spacing={20}
    useNativeFeedback={true}
    verticalOrientation="up"
  />
</View>
`;
